=== exp/101 MLP blend probe  smoke=False seeds=[7] threads=4 ===
nvidia-smi: name, memory.total [MiB], memory.used [MiB]
NVIDIA GeForce GTX 1080 Ti, 11264 MiB, 51 MiB
torch 2.7.1+cu126  cuda.is_available=True
GPU NVIDIA GeForce GTX 1080 Ti  VRAM 11.7 GB  used 0.00 GB
RAM total 33.6 GB  available 28.1 GB
train 로딩...
클래스 분포: 0:52.3% 1:11.5% 2:19.5% 3:3.4% 4:13.2%  미복원 0.05%
  [    28s] 테이블·PFB 준비 (PFB thread_count=4; lab/89 챔피언은 14 — f_pfb 가 미세하게 다를 수 있음, HANDOFF exp/76)
  [    32s] 피처 부착 완료
2024 행 253,507  row_id sha256 fa6d28e84ad9c1a8  y 길이 253,507  lab/89 길이 253,507  NaN 0
cat5 기준 재계산 873.9 (문서 873.9)
학습행 1,160,125  내부검증 61,059 (고정 RNG 12345, 두 시드 공통)
  [    37s] 전처리 완료 — 입력 차원 141 (수치 74 + 결측지시 31 + one-hot 36)
autocast dtype: torch.bfloat16  device: cuda
   seed 7 epoch  1  loss 1.2670  내부검증 Brier(P0) 0.24556  ★
   seed 7 epoch  2  loss 1.2540  내부검증 Brier(P0) 0.24471  ★
   seed 7 epoch  3  loss 1.2521  내부검증 Brier(P0) 0.24531
   seed 7 epoch  4  loss 1.2505  내부검증 Brier(P0) 0.24461  ★
   seed 7 epoch  5  loss 1.2495  내부검증 Brier(P0) 0.24445  ★
   seed 7 epoch  6  loss 1.2485  내부검증 Brier(P0) 0.24435  ★
   seed 7 epoch  7  loss 1.2474  내부검증 Brier(P0) 0.24434  ★
   seed 7 epoch  8  loss 1.2464  내부검증 Brier(P0) 0.24425  ★
   seed 7 epoch  9  loss 1.2448  내부검증 Brier(P0) 0.24520
   seed 7 epoch 10  loss 1.2437  내부검증 Brier(P0) 0.24467
   seed 7 epoch 11  loss 1.2418  내부검증 Brier(P0) 0.24410  ★
   seed 7 epoch 12  loss 1.2394  내부검증 Brier(P0) 0.24425
   seed 7 epoch 13  loss 1.2370  내부검증 Brier(P0) 0.24415
   seed 7 epoch 14  loss 1.2339  내부검증 Brier(P0) 0.24458
   early stop (patience 3) — best epoch 11
  [    73s] seed 7: S_mlp 221.2  d -652.7  K 605.6  w* 0.000  이론이득 +0.0  실제최적 +0.0@w=0  shape -451.3  벌점 238.4  best_epoch 11
FAIL: 시드42 조기 게이트 실패: 최적 혼합이득 +0.0 < +5; d -652.7 <= -K -605.6
